// Jest Snapshot v1, https://goo.gl/fbAQLP

exports[`renders correctly 1`] = `
<DocumentFragment>
  <a
    class="normal"
    href="http://www.tencent.com"
  >
    My Domain
  </a>
</DocumentFragment>
`;
